// Jest Snapshot v1, https://goo.gl/fbAQLP


exports[`code-generation hi string 1`] = `"return function render (_ctx){return 'hi'}"`;

exports[`code-generation expression 1`] = `
"const { toDisplayString: _toDisplayString } = Vue
return function render (_ctx){return _toDisplayString(_ctx.message)}"
`;
